// Jest Snapshot v1, https://goo.gl/fbAQLP

exports[`<PostCard /> should match snapshot 1`] = `
.c3 {
  color: #000000;
  line-height: 1.2;
  font-size: 2.4rem;
  text-transform: none;
}

.c0 .c2 {
  margin: 0;
  margin-top: calc(1.6rem - 0.6rem);
  margin-bottom: 1.6rem;
}

.c0 a {
  -webkit-text-decoration: none;
  text-decoration: none;
  color: inherit;
  -webkit-transition: all 300ms ease-in-out;
  transition: all 300ms ease-in-out;
}

.c0:hover a {
  color: #dc143c;
}

.c0:hover img {
  opacity: 0.8;
}

.c1 {
  max-width: 100%;
  -webkit-transition: opacity 300ms ease-in-out;
  transition: opacity 300ms ease-in-out;
}

<div>
  <div
    class="c0"
  >
    <a
      href="/post/react-library-or-framework"
    >
      <img
        alt="React - Library or Framework?"
        class="c1"
        src="https://res.cloudinary.com/dhzzrpp9c/image/upload/v1666050383/bruce_warrington_e_Mq_G0_Ppo_Gg_unsplash_c95c222cf2.jpg"
      />
    </a>
    <h2
      class="c2 c3"
    >
      <a
        href="/post/react-library-or-framework"
      >
        React - Library or Framework?
      </a>
    </h2>
    <p
      class=""
    >
      Lorem ipsum dolor sit amet, consectetur adipiscing elit. Nullam vehicula elementum consequat. Sed at bibendum ante, eget egestas turpis.
    </p>
  </div>
</div>
`;
