// Jest Snapshot v1, https://goo.gl/fbAQLP

exports[`<ArticleHeader/> should match snapshot 1`] = `
.c5 {
  font-size: 1.6rem;
  color: #AAAAAA;
  font-style: italic;
}

.c5 .categories span::after {
  content: ", ";
}

.c5 .categories span:last-child::after {
  content: "";
}

.c5 a {
  color: #dc143c;
  -webkit-text-decoration: none;
  text-decoration: none;
  -webkit-transition: all 300ms ease-in-out;
  transition: all 300ms ease-in-out;
}

.c5 a:hover {
  -webkit-filter: brightness(50%);
  filter: brightness(50%);
}

.c2 {
  color: #000000;
  line-height: 1.2;
  font-size: 6.4rem;
  text-transform: none;
}

.c0 {
  padding-bottom: 4.0rem;
  margin-bottom: 4.0rem;
  border-bottom: 0.1rem solid #DDDDDD;
}

.c0 .c1 {
  margin: 0;
  margin-bottom: 2.4rem;
}

.c3 {
  margin: 2.4rem 0;
  font-size: 2.4rem;
}

.c4 {
  max-width: 100%;
  display: block;
  margin-bottom: 2.4rem;
}

@media (max-width:768px) {
  .c2 {
    font-size: 4.0rem;
  }
}

<div>
  <header
    class="c0"
  >
    <h1
      class="c1 c2"
    >
      React - Library or Framework?
    </h1>
    <p
      class="c3"
    >
      Lorem ipsum dolor sit amet, consectetur adipiscing elit. Nullam vehicula elementum consequat. Sed at bibendum ante, eget egestas turpis.
    </p>
    <img
      alt="React - Library or Framework?"
      class="c4"
      src="https://res.cloudinary.com/dhzzrpp9c/image/upload/v1666050383/bruce_warrington_e_Mq_G0_Ppo_Gg_unsplash_c95c222cf2.jpg"
    />
    <div
      class="c5"
    >
      <p>
        <span>
          Por 
        </span>
        <a
          href="/author/guilherme-soares"
        >
          Guilherme Soares
        </a>
        <span
          class="separator"
        >
           | 
        </span>
        <time
          datetime="2022-10-18T00:29:36.571Z"
        >
          17 de out. de 2022
        </time>
        <span
          class="separator"
        >
           | 
        </span>
        <span
          class="categories"
        >
          <span>
            <a
              href="/category/react"
            >
              React
            </a>
          </span>
        </span>
      </p>
    </div>
  </header>
</div>
`;
